// Jest Snapshot v1, https://goo.gl/fbAQLP

exports[`DataTable 组件是否渲染 DataTable Component should be render 1`] = `
<Table
  bordered={false}
  className=""
  columns={Array []}
  dataSource={Array []}
  indentSize={20}
  loading={false}
  locale={Object {}}
  pagination={
    Object {
      "pageSizeOptions": Array [
        "10",
        "20",
        "50",
        "100",
      ],
      "showSizeChanger": true,
      "showTotal": [Function],
    }
  }
  prefixCls="ant-table"
  reduce={
    Object {
      "list": Map {},
      "spins": Object {
        "tableSpin": false,
      },
    }
  }
  rowKey="key"
  rowSelection={null}
  scroll={
    Object {
      "y": 500,
    }
  }
  showHeader={true}
  showQuickJumper={true}
  size="large"
  style={
    Object {
      "width": "100%",
    }
  }
  useFixedHeader={false}
/>
`;
